// Jest Snapshot v1, https://goo.gl/fbAQLP

exports[`amplify-nav spec: Render logic -> should render 1`] = `
<amplify-nav>
  <!---->
  <nav class="css-1qc8kij"></nav>
</amplify-nav>
`;
