// Jest Snapshot v1, https://goo.gl/fbAQLP

exports[`amplify-sign-out spec: Render logic -> should render a \`sign out\` button by default 1`] = `
<amplify-sign-out>
  <amplify-button data-test="sign-out-button">
    Sign Out
  </amplify-button>
</amplify-sign-out>
`;
