// Jest Snapshot v1, https://goo.gl/fbAQLP

exports[`amplify-auth0-button stories defaults 1`] = `
<amplify-auth0-button>
  <amplify-sign-in-button provider="auth0">
    <script src="https://cdn.auth0.com/js/auth0/9.11/auth0.min.js"></script>
    <svg id="artwork" slot="icon" viewBox="0 0 193.7 216.6" xmlns="http://www.w3.org/2000/svg">
      <path d="M189,66.9L167.2,0H96.8l21.8,66.9H189z M96.8,0H26.5L4.8,66.9h70.4L96.8,0z M4.8,66.9L4.8,66.9	c-13,39.9,1.2,83.6,35.2,108.3l21.7-66.9L4.8,66.9z M189,66.9L189,66.9l-57,41.4l21.7,66.9l0,0C187.7,150.6,201.9,106.8,189,66.9	L189,66.9z M39.9,175.2L39.9,175.2l56.9,41.4l56.9-41.4l-56.9-41.4L39.9,175.2z" fill="#FFF"></path>
    </svg>
    Sign In with Auth0
  </amplify-sign-in-button>
</amplify-auth0-button>
`;
