// Jest Snapshot v1, https://goo.gl/fbAQLP

exports[`amplify-confirm-sign-in spec: Render logic -> should render a \`confirm sign in\` form by default 1`] = `
<amplify-confirm-sign-in>
  <amplify-form-section headertext="Confirm SMS Code" submitbuttontext="Confirm">
    <amplify-auth-fields></amplify-auth-fields>
  </amplify-form-section>
</amplify-confirm-sign-in>
`;
