// Jest Snapshot v1, https://goo.gl/fbAQLP

exports[`amplify-password-field spec: Render logic -> should render with \`label\` and \`placeholder\` values changed 1`] = `
<amplify-password-field label="New password *" placeholder="Enter new password">
  <amplify-form-field fieldid="password" label="New password *" placeholder="Enter new password"></amplify-form-field>
</amplify-password-field>
`;

exports[`amplify-password-field spec: Render logic -> should render with default values 1`] = `
<amplify-password-field>
  <amplify-form-field fieldid="password" label="Password *" placeholder="Enter your password"></amplify-form-field>
</amplify-password-field>
`;
