// Jest Snapshot v1, https://goo.gl/fbAQLP

exports[`amplify-greetings spec: Render logic -> should render 1`] = `
<amplify-greetings>
  <mock:shadow-root>
    <header class="greetings">
      <amplify-nav>
        <amplify-sign-out></amplify-sign-out>
      </amplify-nav>
    </header>
  </mock:shadow-root>
</amplify-greetings>
`;
