// Jest Snapshot v1, https://goo.gl/fbAQLP

exports[`amplify-google-button stories defaults 1`] = `
<amplify-google-button>
  <amplify-sign-in-button provider="google">
    <script src="https://apis.google.com/js/api:client.js"></script>
    Sign In with Google
  </amplify-sign-in-button>
</amplify-google-button>
`;
