// Jest Snapshot v1, https://goo.gl/fbAQLP

exports[`amplify-country-dial-code spec: Render logic -> shoulder render a \`amplif-select\` component with country dial codes as default 1`] = `
<amplify-country-dial-code>
  <amplify-select></amplify-select>
</amplify-country-dial-code>
`;
