// Jest Snapshot v1, https://goo.gl/fbAQLP

exports[`amplify-require-new-password spec: Render logic -> should render default \`require new password\` form 1`] = `
<amplify-require-new-password>
  <amplify-form-section headertext="Change Password">
    <amplify-auth-fields></amplify-auth-fields>
  </amplify-form-section>
</amplify-require-new-password>
`;
