// Jest Snapshot v1, https://goo.gl/fbAQLP

exports[`amplify-amazon-button stories defaults 1`] = `
<amplify-amazon-button>
  <amplify-sign-in-button provider="amazon">
    <script src="https://assets.loginwithamazon.com/sdk/na/login1.js"></script>
    Sign In with Amazon
  </amplify-sign-in-button>
</amplify-amazon-button>
`;
