// Jest Snapshot v1, https://goo.gl/fbAQLP

exports[`amplify-email-field spec: Render logic -> should render \`placeholder\` and \`label values 1`] = `
<amplify-email-field label="New email *" placeholder="Enter new email address">
  <amplify-form-field fieldid="email" label="New email *" placeholder="Enter new email address" type="email"></amplify-form-field>
</amplify-email-field>
`;

exports[`amplify-email-field spec: Render logic -> should render default values by default 1`] = `
<amplify-email-field>
  <amplify-form-field fieldid="email" label="Email Address *" placeholder="amplify@example.com" type="email"></amplify-form-field>
</amplify-email-field>
`;
